------------------------------------------------------------
TimeQuest Timing Analyzer Summary
------------------------------------------------------------

Type  : Slow Model Setup 'clock_divider:genclk|clkout'
Slack : -30.851
TNS   : -19676.836

Type  : Slow Model Setup 'CLOCK_50'
Slack : -0.071
TNS   : -0.083

Type  : Slow Model Hold 'CLOCK_50'
Slack : 0.391
TNS   : 0.000

Type  : Slow Model Hold 'clock_divider:genclk|clkout'
Slack : 0.391
TNS   : 0.000

Type  : Slow Model Minimum Pulse Width 'clock_divider:genclk|clkout'
Slack : -2.000
TNS   : -1659.000

Type  : Slow Model Minimum Pulse Width 'CLOCK_50'
Slack : -1.380
TNS   : -5.380

Type  : Fast Model Setup 'clock_divider:genclk|clkout'
Slack : -13.366
TNS   : -8550.779

Type  : Fast Model Setup 'CLOCK_50'
Slack : 0.505
TNS   : 0.000

Type  : Fast Model Hold 'CLOCK_50'
Slack : 0.215
TNS   : 0.000

Type  : Fast Model Hold 'clock_divider:genclk|clkout'
Slack : 0.215
TNS   : 0.000

Type  : Fast Model Minimum Pulse Width 'clock_divider:genclk|clkout'
Slack : -2.000
TNS   : -1659.000

Type  : Fast Model Minimum Pulse Width 'CLOCK_50'
Slack : -1.380
TNS   : -5.380

------------------------------------------------------------
